Engoryx QA-1 structured browser evidence

schemaVersion=1 scenarios=76
PASS demo--landing--base-route-loaded--desktop-1440 route=landing viewport=desktop-1440 durationMs=3009 consoleErrors=0 pageErrors=0 failedRequests=0 overflowPx=0
PASS dashboard--dashboard--base-route-loaded--desktop-1440 route=dashboard viewport=desktop-1440 durationMs=1643 consoleErrors=0 pageErrors=0 failedRequests=0 overflowPx=0
PASS dashboard--dashboard--base-route-loaded--laptop-1366 route=dashboard viewport=laptop-1366 durationMs=1727 consoleErrors=0 pageErrors=0 failedRequests=0 overflowPx=0
PASS dashboard--dashboard--mobile-navigation-opened--mobile-390 route=dashboard viewport=mobile-390 durationMs=1697 consoleErrors=0 pageErrors=0 failedRequests=0 overflowPx=0
PASS projects--projects--portfolio-dashboard-verified--desktop-1440 route=projects viewport=desktop-1440 durationMs=2106 consoleErrors=0 pageErrors=0 failedRequests=0 overflowPx=0
PASS projects--projects--attention-filters-verified--desktop-1440 route=projects viewport=desktop-1440 durationMs=1356 consoleErrors=0 pageErrors=0 failedRequests=0 overflowPx=0
PASS projects--projects--portfolio-dashboard-verified--laptop-1366 route=projects viewport=laptop-1366 durationMs=1173 consoleErrors=0 pageErrors=0 failedRequests=0 overflowPx=0
PASS projects--projects--portfolio-dashboard-verified--tablet-768 route=projects viewport=tablet-768 durationMs=1179 consoleErrors=0 pageErrors=0 failedRequests=0 overflowPx=0
PASS projects--projects--portfolio-dashboard-verified--mobile-390 route=projects viewport=mobile-390 durationMs=1159 consoleErrors=0 pageErrors=0 failedRequests=0 overflowPx=0
PASS procurement--procurement--base-route-loaded--desktop-1440 route=procurement viewport=desktop-1440 durationMs=1126 consoleErrors=0 pageErrors=0 failedRequests=0 overflowPx=0
PASS procurement--procurement--subcontract-claim-and-variation-parity-verified--desktop-1440 route=procurement viewport=desktop-1440 durationMs=1230 consoleErrors=0 pageErrors=0 failedRequests=0 overflowPx=0
PASS procurement--procurement--subcontract-claim-settlement-workflow-verified--mobile-390 route=procurement viewport=mobile-390 durationMs=1385 consoleErrors=0 pageErrors=0 failedRequests=0 overflowPx=0
PASS document-delivery--procurement--purchase-order-delivery-preview-and-disconnected-history-verified--desktop-1440 route=procurement viewport=desktop-1440 durationMs=1253 consoleErrors=0 pageErrors=0 failedRequests=0 overflowPx=0
PASS document-delivery--procurement--purchase-order-delivery-preview-and-disconnected-history-verified--mobile-390 route=procurement viewport=mobile-390 durationMs=1252 consoleErrors=0 pageErrors=0 failedRequests=0 overflowPx=0
PASS warehouse-inventory--warehouse--warehouse-ledger-rendered--desktop-1440 route=warehouse viewport=desktop-1440 durationMs=1919 consoleErrors=0 pageErrors=0 failedRequests=0 overflowPx=0
PASS warehouse-inventory--warehouse--warehouse-source-continuation-verified--mobile-390 route=warehouse viewport=mobile-390 durationMs=1709 consoleErrors=0 pageErrors=0 failedRequests=0 overflowPx=0
PASS equipment-registry--equipment--equipment-registry-rendered--desktop-1440 route=equipment viewport=desktop-1440 durationMs=1194 consoleErrors=0 pageErrors=0 failedRequests=0 overflowPx=0
PASS project-workspace--project-overview--project-selected--desktop-1440 route=project-overview viewport=desktop-1440 durationMs=1857 consoleErrors=0 pageErrors=0 failedRequests=0 overflowPx=0
PASS project-workspace--project-overview--attention-and-engineering-drilldowns-verified--desktop-1440 route=project-overview viewport=desktop-1440 durationMs=1587 consoleErrors=0 pageErrors=0 failedRequests=0 overflowPx=0
PASS project-financial-control--project-financial-control--financial-control-dashboard-verified--desktop-1440 route=project-financial-control viewport=desktop-1440 durationMs=1570 consoleErrors=0 pageErrors=0 failedRequests=0 overflowPx=0
PASS project-financial-control--project-financial-control--financial-control-dashboard-verified--laptop-1366 route=project-financial-control viewport=laptop-1366 durationMs=1516 consoleErrors=0 pageErrors=0 failedRequests=0 overflowPx=0
PASS project-financial-control--project-financial-control--financial-control-dashboard-verified--tablet-768 route=project-financial-control viewport=tablet-768 durationMs=1399 consoleErrors=0 pageErrors=0 failedRequests=0 overflowPx=0
PASS project-financial-control--project-financial-control--financial-control-dashboard-verified--mobile-390 route=project-financial-control viewport=mobile-390 durationMs=1453 consoleErrors=0 pageErrors=0 failedRequests=0 overflowPx=0
PASS project-financial-control--project-financial-control--mixed-currency-control-state-verified--desktop-1440 route=project-financial-control viewport=desktop-1440 durationMs=1431 consoleErrors=0 pageErrors=0 failedRequests=0 overflowPx=0
PASS project-workspace--project-overview--base-route-loaded--tablet-768 route=project-overview viewport=tablet-768 durationMs=1535 consoleErrors=0 pageErrors=0 failedRequests=0 overflowPx=0
PASS project-workspace--project-documents--base-route-loaded--desktop-1440 route=project-documents viewport=desktop-1440 durationMs=1171 consoleErrors=0 pageErrors=0 failedRequests=0 overflowPx=0
PASS project-workspace--project-documents--base-route-loaded--mobile-390 route=project-documents viewport=mobile-390 durationMs=1212 consoleErrors=0 pageErrors=0 failedRequests=0 overflowPx=0
PASS engineering-documents--blueprint-viewer--demo-drawing-preview-opened--desktop-1440 route=blueprint-viewer viewport=desktop-1440 durationMs=1285 consoleErrors=0 pageErrors=0 failedRequests=0 overflowPx=0
PASS documents--documents--unified-document-register-rendered--desktop-1440 route=documents viewport=desktop-1440 durationMs=1501 consoleErrors=0 pageErrors=0 failedRequests=0 overflowPx=0
PASS documents--documents--unified-document-register-rendered--tablet-768 route=documents viewport=tablet-768 durationMs=1320 consoleErrors=0 pageErrors=0 failedRequests=0 overflowPx=0
PASS documents--documents--unified-document-register-rendered--mobile-390 route=documents viewport=mobile-390 durationMs=1257 consoleErrors=0 pageErrors=0 failedRequests=0 overflowPx=0
PASS documents--documents--exact-document-handoff-to-email-sms-compose--desktop-1440 route=documents viewport=desktop-1440 durationMs=2054 consoleErrors=0 pageErrors=0 failedRequests=0 overflowPx=0
PASS engineering-documents--engineering-documents--base-route-loaded--desktop-1440 route=engineering-documents viewport=desktop-1440 durationMs=1421 consoleErrors=0 pageErrors=0 failedRequests=0 overflowPx=0
PASS rfis--rfis--base-route-loaded--desktop-1440 route=rfis viewport=desktop-1440 durationMs=1117 consoleErrors=0 pageErrors=0 failedRequests=0 overflowPx=0
PASS rfis--rfi-detail--rfi-detail-opened--desktop-1440 route=rfi-detail viewport=desktop-1440 durationMs=1129 consoleErrors=0 pageErrors=0 failedRequests=0 overflowPx=0
PASS submittals--submittals--base-route-loaded--desktop-1440 route=submittals viewport=desktop-1440 durationMs=1100 consoleErrors=0 pageErrors=0 failedRequests=0 overflowPx=0
PASS submittals--submittal-detail--submittal-detail-and-round-opened--desktop-1440 route=submittal-detail viewport=desktop-1440 durationMs=1131 consoleErrors=0 pageErrors=0 failedRequests=0 overflowPx=0
PASS site-logs--site-logs--base-route-loaded--desktop-1440 route=site-logs viewport=desktop-1440 durationMs=1148 consoleErrors=0 pageErrors=0 failedRequests=0 overflowPx=0
PASS site-logs--site-log-detail--site-log-detail-opened--desktop-1440 route=site-log-detail viewport=desktop-1440 durationMs=1219 consoleErrors=0 pageErrors=0 failedRequests=0 overflowPx=0
PASS site-logs--site-logs--base-route-loaded--tablet-768 route=site-logs viewport=tablet-768 durationMs=1130 consoleErrors=0 pageErrors=0 failedRequests=0 overflowPx=0
PASS site-logs--site-logs--base-route-loaded--mobile-390 route=site-logs viewport=mobile-390 durationMs=1118 consoleErrors=0 pageErrors=0 failedRequests=0 overflowPx=0
PASS cash-banking--cash--base-route-loaded--desktop-1440 route=cash viewport=desktop-1440 durationMs=1680 consoleErrors=0 pageErrors=0 failedRequests=0 overflowPx=0
PASS cash-banking--cash-settlement--cash-settlement-workspace-opened--desktop-1440 route=cash-settlement viewport=desktop-1440 durationMs=1494 consoleErrors=0 pageErrors=0 failedRequests=0 overflowPx=0
PASS cash-banking--cash--base-route-loaded--tablet-768 route=cash viewport=tablet-768 durationMs=1415 consoleErrors=0 pageErrors=0 failedRequests=0 overflowPx=0
PASS invoice-extraction--extract--extractor-screen-rendered--desktop-1440 route=extract viewport=desktop-1440 durationMs=1460 consoleErrors=0 pageErrors=0 failedRequests=0 overflowPx=0
PASS email-sms--inbox--email-sms-workspace-rendered-with-disconnected-gmail--desktop-1440 route=inbox viewport=desktop-1440 durationMs=1150 consoleErrors=0 pageErrors=0 failedRequests=0 overflowPx=0
PASS email-sms--inbox--email-sms-workspace-rendered-with-disconnected-gmail--tablet-768 route=inbox viewport=tablet-768 durationMs=1078 consoleErrors=0 pageErrors=0 failedRequests=0 overflowPx=0
PASS email-sms--inbox--email-sms-workspace-rendered-with-disconnected-gmail--mobile-390 route=inbox viewport=mobile-390 durationMs=1089 consoleErrors=0 pageErrors=0 failedRequests=0 overflowPx=0
PASS email-sms--inbox--email-compose-review-surface-rendered--desktop-1440 route=inbox viewport=desktop-1440 durationMs=1116 consoleErrors=0 pageErrors=0 failedRequests=0 overflowPx=0
PASS email-sms--inbox--email-compose-review-surface-rendered--mobile-390 route=inbox viewport=mobile-390 durationMs=1108 consoleErrors=0 pageErrors=0 failedRequests=0 overflowPx=0
PASS email-sms--inbox--sent-delivery-history-surface-rendered--desktop-1440 route=inbox viewport=desktop-1440 durationMs=1077 consoleErrors=0 pageErrors=0 failedRequests=0 overflowPx=0
PASS email-sms--inbox--sms-not-configured-surface-rendered--desktop-1440 route=inbox viewport=desktop-1440 durationMs=1087 consoleErrors=0 pageErrors=0 failedRequests=0 overflowPx=0
PASS email-sms--inbox--sms-not-configured-surface-rendered--mobile-390 route=inbox viewport=mobile-390 durationMs=1051 consoleErrors=0 pageErrors=0 failedRequests=0 overflowPx=0
PASS gmail-inbox--inbox--legacy-email-intake-path-opens-the-communications-workspace--desktop-1440 route=inbox viewport=desktop-1440 durationMs=1093 consoleErrors=0 pageErrors=0 failedRequests=0 overflowPx=0
PASS invoices--invoices--supplier-invoice-navigation-and-register-verified--desktop-1440 route=invoices viewport=desktop-1440 durationMs=1308 consoleErrors=0 pageErrors=0 failedRequests=0 overflowPx=0
PASS invoices--invoice-detail--invoice-detail-opened--desktop-1440 route=invoice-detail viewport=desktop-1440 durationMs=1177 consoleErrors=0 pageErrors=0 failedRequests=0 overflowPx=0
PASS supplier-payables--invoice-detail--inline-supplier-payment-modal-opened--desktop-1440 route=invoice-detail viewport=desktop-1440 durationMs=1338 consoleErrors=0 pageErrors=0 failedRequests=0 overflowPx=0
PASS supplier-payables--invoice-detail--inline-supplier-payment-modal-opened--mobile-390 route=invoice-detail viewport=mobile-390 durationMs=1346 consoleErrors=0 pageErrors=0 failedRequests=0 overflowPx=0
PASS invoices--review--invoice-review-opened--desktop-1440 route=review viewport=desktop-1440 durationMs=1170 consoleErrors=0 pageErrors=0 failedRequests=0 overflowPx=0
PASS vendors--vendors--vendor-directory-rendered--desktop-1440 route=vendors viewport=desktop-1440 durationMs=1139 consoleErrors=0 pageErrors=0 failedRequests=0 overflowPx=0
PASS payroll--payroll--base-route-loaded--desktop-1440 route=payroll viewport=desktop-1440 durationMs=1498 consoleErrors=0 pageErrors=0 failedRequests=0 overflowPx=0
PASS payroll--payroll-run--payroll-run-opened--desktop-1440 route=payroll-run viewport=desktop-1440 durationMs=1212 consoleErrors=0 pageErrors=0 failedRequests=0 overflowPx=0
PASS expenses--expenses--base-route-loaded--desktop-1440 route=expenses viewport=desktop-1440 durationMs=1530 consoleErrors=0 pageErrors=0 failedRequests=0 overflowPx=0
PASS supplier-payables--expenses--authoritative-expense-payment-surface-opened--desktop-1440 route=expenses viewport=desktop-1440 durationMs=1506 consoleErrors=0 pageErrors=0 failedRequests=0 overflowPx=0
PASS supplier-payables--expenses--authoritative-expense-payment-surface-opened--mobile-390 route=expenses viewport=mobile-390 durationMs=1337 consoleErrors=0 pageErrors=0 failedRequests=0 overflowPx=0
PASS supplier-payables--invoice-detail--stale-supplier-invoice-recovery-verified--desktop-1440 route=invoice-detail viewport=desktop-1440 durationMs=1581 consoleErrors=0 pageErrors=0 failedRequests=0 overflowPx=0
PASS supplier-payables--cash--cash-expense-target-and-return-context-opened--desktop-1440 route=cash viewport=desktop-1440 durationMs=1876 consoleErrors=0 pageErrors=0 failedRequests=0 overflowPx=0
PASS supplier-payables--cash--cash-expense-target-and-return-context-opened--mobile-390 route=cash viewport=mobile-390 durationMs=1805 consoleErrors=0 pageErrors=0 failedRequests=0 overflowPx=0
PASS client-receivables--project-billing--client-invoice-collection-lifecycle-verified--desktop-1440 route=project-billing viewport=desktop-1440 durationMs=2067 consoleErrors=0 pageErrors=0 failedRequests=0 overflowPx=0
PASS client-receivables--project-billing--client-invoice-collection-lifecycle-verified--mobile-390 route=project-billing viewport=mobile-390 durationMs=2039 consoleErrors=0 pageErrors=0 failedRequests=0 overflowPx=0
PASS document-delivery--project-billing--client-invoice-delivery-preview-and-disconnected-history-verified--desktop-1440 route=project-billing viewport=desktop-1440 durationMs=1264 consoleErrors=0 pageErrors=0 failedRequests=0 overflowPx=0
PASS document-delivery--project-billing--client-invoice-delivery-preview-and-disconnected-history-verified--mobile-390 route=project-billing viewport=mobile-390 durationMs=1217 consoleErrors=0 pageErrors=0 failedRequests=0 overflowPx=0
PASS reports--reports--base-route-loaded--desktop-1440 route=reports viewport=desktop-1440 durationMs=1238 consoleErrors=0 pageErrors=0 failedRequests=0 overflowPx=0
PASS settings--settings--settings-product-surface-verified--desktop-1440 route=settings viewport=desktop-1440 durationMs=1386 consoleErrors=0 pageErrors=0 failedRequests=0 overflowPx=0
PASS assistant--assistant--base-route-loaded--desktop-1440 route=assistant viewport=desktop-1440 durationMs=1014 consoleErrors=0 pageErrors=0 failedRequests=0 overflowPx=0
PASS demo--demo-tour--demo-tour-opened--desktop-1440 route=demo-tour viewport=desktop-1440 durationMs=2024 consoleErrors=0 pageErrors=0 failedRequests=0 overflowPx=0
